[INFO] Scanning for projects...
[INFO] 
[INFO] ----------------< com.internship:internshipmanagement >-----------------
[INFO] Building internshipmanagement 0.0.1-SNAPSHOT
[INFO]   from pom.xml
[INFO] --------------------------------[ jar ]---------------------------------
[INFO] 
[INFO] >>> spring-boot:3.3.0:run (default-cli) > test-compile @ internshipmanagement >>>
[WARNING] The artifact mysql:mysql-connector-java:jar:8.0.33 has been relocated to com.mysql:mysql-connector-j:jar:8.0.33: MySQL Connector/J artifacts moved to reverse-DNS compliant Maven 2+ coordinates.
[INFO] 
[INFO] --- resources:3.3.1:resources (default-resources) @ internshipmanagement ---
[INFO] Copying 1 resource from src\main\resources to target\classes
[INFO] Copying 0 resource from src\main\resources to target\classes
[INFO] 
[INFO] --- compiler:3.13.0:compile (default-compile) @ internshipmanagement ---
[INFO] Nothing to compile - all classes are up to date.
[INFO] 
[INFO] --- resources:3.3.1:testResources (default-testResources) @ internshipmanagement ---
[INFO] skip non existing resourceDirectory C:\Users\Asus\Downloads\internshipmanagement\internshipmanagement\src\test\resources
[INFO] 
[INFO] --- compiler:3.13.0:testCompile (default-testCompile) @ internshipmanagement ---
[INFO] Nothing to compile - all classes are up to date.
[INFO] 
[INFO] <<< spring-boot:3.3.0:run (default-cli) < test-compile @ internshipmanagement <<<
[INFO] 
[INFO] 
[INFO] --- spring-boot:3.3.0:run (default-cli) @ internshipmanagement ---
[INFO] Attaching agents: []
  .   ____          _            __ _ _
 /\\ / ___'_ __ _ _(_)_ __  __ _ \ \ \ \
( ( )\___ | '_ | '_| | '_ \/ _` | \ \ \ \
 \\/  ___)| |_)| | | | | || (_| |  ) ) ) )
  '  |____| .__|_| |_|_| |_\__, | / / / /
 =========|_|==============|___/=/_/_/_/

 :: Spring Boot ::                (v3.3.0)

2026-04-28T11:04:27.625+05:30  INFO 26012 --- [internshipmanagement] [           main] c.i.i.InternshipmanagementApplication    : Starting InternshipmanagementApplication using Java 17.0.17 with PID 26012 (C:\Users\Asus\Downloads\internshipmanagement\internshipmanagement\target\classes started by Asus in C:\Users\Asus\Downloads\internshipmanagement\internshipmanagement)
2026-04-28T11:04:27.629+05:30  INFO 26012 --- [internshipmanagement] [           main] c.i.i.InternshipmanagementApplication    : No active profile set, falling back to 1 default profile: "default"
2026-04-28T11:04:28.909+05:30  INFO 26012 --- [internshipmanagement] [           main] .s.d.r.c.RepositoryConfigurationDelegate : Bootstrapping Spring Data JPA repositories in DEFAULT mode.
2026-04-28T11:04:29.106+05:30  INFO 26012 --- [internshipmanagement] [           main] .s.d.r.c.RepositoryConfigurationDelegate : Finished Spring Data repository scanning in 159 ms. Found 4 JPA repository interfaces.
2026-04-28T11:04:30.475+05:30  INFO 26012 --- [internshipmanagement] [           main] o.s.b.w.embedded.tomcat.TomcatWebServer  : Tomcat initialized with port 8082 (http)
2026-04-28T11:04:30.497+05:30  INFO 26012 --- [internshipmanagement] [           main] o.apache.catalina.core.StandardService   : Starting service [Tomcat]
2026-04-28T11:04:30.498+05:30  INFO 26012 --- [internshipmanagement] [           main] o.apache.catalina.core.StandardEngine    : Starting Servlet engine: [Apache Tomcat/10.1.24]
2026-04-28T11:04:30.654+05:30  INFO 26012 --- [internshipmanagement] [           main] o.a.c.c.C.[Tomcat].[localhost].[/]       : Initializing Spring embedded WebApplicationContext
2026-04-28T11:04:30.657+05:30  INFO 26012 --- [internshipmanagement] [           main] w.s.c.ServletWebServerApplicationContext : Root WebApplicationContext: initialization completed in 2897 ms
2026-04-28T11:04:30.923+05:30  INFO 26012 --- [internshipmanagement] [           main] o.hibernate.jpa.internal.util.LogHelper  : HHH000204: Processing PersistenceUnitInfo [name: default]
2026-04-28T11:04:31.007+05:30  INFO 26012 --- [internshipmanagement] [           main] org.hibernate.Version                    : HHH000412: Hibernate ORM core version 6.5.2.Final
2026-04-28T11:04:31.052+05:30  INFO 26012 --- [internshipmanagement] [           main] o.h.c.internal.RegionFactoryInitiator    : HHH000026: Second-level cache disabled
2026-04-28T11:04:31.545+05:30  INFO 26012 --- [internshipmanagement] [           main] o.s.o.j.p.SpringPersistenceUnitInfo      : No LoadTimeWeaver setup: ignoring JPA class transformer
2026-04-28T11:04:31.611+05:30  INFO 26012 --- [internshipmanagement] [           main] com.zaxxer.hikari.HikariDataSource       : HikariPool-1 - Starting...
2026-04-28T11:04:32.001+05:30  INFO 26012 --- [internshipmanagement] [           main] com.zaxxer.hikari.pool.HikariPool        : HikariPool-1 - Added connection com.mysql.cj.jdbc.ConnectionImpl@56835f2f
2026-04-28T11:04:32.005+05:30  INFO 26012 --- [internshipmanagement] [           main] com.zaxxer.hikari.HikariDataSource       : HikariPool-1 - Start completed.
2026-04-28T11:04:33.817+05:30  INFO 26012 --- [internshipmanagement] [           main] o.h.e.t.j.p.i.JtaPlatformInitiator       : HHH000489: No JTA platform available (set 'hibernate.transaction.jta.platform' to enable JTA platform integration)
2026-04-28T11:04:34.057+05:30  INFO 26012 --- [internshipmanagement] [           main] j.LocalContainerEntityManagerFactoryBean : Initialized JPA EntityManagerFactory for persistence unit 'default'
2026-04-28T11:04:34.631+05:30 TRACE 26012 --- [internshipmanagement] [           main] eGlobalAuthenticationAutowiredConfigurer : Eagerly initializing {org.springframework.boot.autoconfigure.security.servlet.SpringBootWebSecurityConfiguration$WebSecurityEnablerConfiguration=org.springframework.boot.autoconfigure.security.servlet.SpringBootWebSecurityConfiguration$WebSecurityEnablerConfiguration@3da55998}
2026-04-28T11:04:34.675+05:30  INFO 26012 --- [internshipmanagement] [           main] eAuthenticationProviderManagerConfigurer : Global AuthenticationManager configured with AuthenticationProvider bean with name authenticationProvider
2026-04-28T11:04:34.676+05:30  WARN 26012 --- [internshipmanagement] [           main] r$InitializeUserDetailsManagerConfigurer : Global AuthenticationManager configured with an AuthenticationProvider bean. UserDetailsService beans will not be used for username/password login. Consider removing the AuthenticationProvider bean. Alternatively, consider using the UserDetailsService in a manually instantiated DaoAuthenticationProvider.
2026-04-28T11:04:34.742+05:30  WARN 26012 --- [internshipmanagement] [           main] JpaBaseConfiguration$JpaWebConfiguration : spring.jpa.open-in-view is enabled by default. Therefore, database queries may be performed during view rendering. Explicitly configure spring.jpa.open-in-view to disable this warning
2026-04-28T11:04:35.196+05:30  INFO 26012 --- [internshipmanagement] [           main] o.s.s.web.DefaultSecurityFilterChain     : Will secure any request with [org.springframework.security.web.session.DisableEncodeUrlFilter@68c3aa38, org.springframework.security.web.context.request.async.WebAsyncManagerIntegrationFilter@1196537d, org.springframework.security.web.context.SecurityContextHolderFilter@5c648e38, org.springframework.security.web.header.HeaderWriterFilter@5eed2edf, org.springframework.web.filter.CorsFilter@267a8777, org.springframework.security.web.authentication.logout.LogoutFilter@30bfdcc5, org.springframework.security.web.savedrequest.RequestCacheAwareFilter@395c21ee, org.springframework.security.web.servletapi.SecurityContextHolderAwareRequestFilter@669e730d, org.springframework.security.web.authentication.AnonymousAuthenticationFilter@175c26ff, org.springframework.security.web.access.ExceptionTranslationFilter@54816d7a, org.springframework.security.web.access.intercept.AuthorizationFilter@3a286095]
2026-04-28T11:04:35.595+05:30  WARN 26012 --- [internshipmanagement] [           main] ConfigServletWebServerApplicationContext : Exception encountered during context initialization - cancelling refresh attempt: org.springframework.context.ApplicationContextException: Failed to start bean 'webServerStartStop'
2026-04-28T11:04:35.598+05:30  INFO 26012 --- [internshipmanagement] [           main] j.LocalContainerEntityManagerFactoryBean : Closing JPA EntityManagerFactory for persistence unit 'default'
2026-04-28T11:04:35.600+05:30  INFO 26012 --- [internshipmanagement] [           main] com.zaxxer.hikari.HikariDataSource       : HikariPool-1 - Shutdown initiated...
2026-04-28T11:04:35.612+05:30  INFO 26012 --- [internshipmanagement] [           main] com.zaxxer.hikari.HikariDataSource       : HikariPool-1 - Shutdown completed.
2026-04-28T11:04:35.628+05:30  INFO 26012 --- [internshipmanagement] [           main] .s.b.a.l.ConditionEvaluationReportLogger : 

Error starting ApplicationContext. To display the condition evaluation report re-run your application with 'debug' enabled.
2026-04-28T11:04:35.658+05:30 ERROR 26012 --- [internshipmanagement] [           main] o.s.b.d.LoggingFailureAnalysisReporter   : 

***************************
APPLICATION FAILED TO START
***************************

Description:

Web server failed to start. Port 8082 was already in use.

Action:

Identify and stop the process that's listening on port 8082 or configure this application to listen on another port.

[INFO] ------------------------------------------------------------------------
[INFO] BUILD FAILURE
[INFO] ------------------------------------------------------------------------
[INFO] Total time:  24.917 s
[INFO] Finished at: 2026-04-28T11:04:35+05:30
[INFO] ------------------------------------------------------------------------
[ERROR] Failed to execute goal org.springframework.boot:spring-boot-maven-plugin:3.3.0:run (default-cli) on project internshipmanagement: Process terminated with exit code: 1 -> [Help 1]
[ERROR] 
[ERROR] To see the full stack trace of the errors, re-run Maven with the -e switch.
[ERROR] Re-run Maven using the -X switch to enable full debug logging.
[ERROR] 
[ERROR] For more information about the errors and possible solutions, please read the following articles:
[ERROR] [Help 1] http://cwiki.apache.org/confluence/display/MAVEN/MojoExecutionException
