[INFO] Scanning for projects...
[INFO] 
[INFO] ----------------< com.internship:internshipmanagement >-----------------
[INFO] Building internshipmanagement 0.0.1-SNAPSHOT
[INFO]   from pom.xml
[INFO] --------------------------------[ jar ]---------------------------------
[INFO] 
[INFO] >>> spring-boot:3.3.0:run (default-cli) > test-compile @ internshipmanagement >>>
[WARNING] The artifact mysql:mysql-connector-java:jar:8.0.33 has been relocated to com.mysql:mysql-connector-j:jar:8.0.33: MySQL Connector/J artifacts moved to reverse-DNS compliant Maven 2+ coordinates.
[INFO] 
[INFO] --- resources:3.3.1:resources (default-resources) @ internshipmanagement ---
[INFO] Copying 1 resource from src\main\resources to target\classes
[INFO] Copying 0 resource from src\main\resources to target\classes
[INFO] 
[INFO] --- compiler:3.13.0:compile (default-compile) @ internshipmanagement ---
[INFO] Recompiling the module because of changed source code.
[INFO] Compiling 28 source files with javac [debug parameters release 17] to target\classes
[INFO] 
[INFO] --- resources:3.3.1:testResources (default-testResources) @ internshipmanagement ---
[INFO] skip non existing resourceDirectory C:\Users\Asus\Downloads\internshipmanagement\internshipmanagement\src\test\resources
[INFO] 
[INFO] --- compiler:3.13.0:testCompile (default-testCompile) @ internshipmanagement ---
[INFO] Recompiling the module because of changed dependency.
[INFO] Compiling 1 source file with javac [debug parameters release 17] to target\test-classes
[INFO] 
[INFO] <<< spring-boot:3.3.0:run (default-cli) < test-compile @ internshipmanagement <<<
[INFO] 
[INFO] 
[INFO] --- spring-boot:3.3.0:run (default-cli) @ internshipmanagement ---
[INFO] Attaching agents: []
  .   ____          _            __ _ _
 /\\ / ___'_ __ _ _(_)_ __  __ _ \ \ \ \
( ( )\___ | '_ | '_| | '_ \/ _` | \ \ \ \
 \\/  ___)| |_)| | | | | || (_| |  ) ) ) )
  '  |____| .__|_| |_|_| |_\__, | / / / /
 =========|_|==============|___/=/_/_/_/

 :: Spring Boot ::                (v3.3.0)

2026-04-28T11:46:41.220+05:30  INFO 13248 --- [internshipmanagement] [           main] c.i.i.InternshipmanagementApplication    : Starting InternshipmanagementApplication using Java 17.0.17 with PID 13248 (C:\Users\Asus\Downloads\internshipmanagement\internshipmanagement\target\classes started by Asus in C:\Users\Asus\Downloads\internshipmanagement\internshipmanagement)
2026-04-28T11:46:41.227+05:30  INFO 13248 --- [internshipmanagement] [           main] c.i.i.InternshipmanagementApplication    : No active profile set, falling back to 1 default profile: "default"
2026-04-28T11:46:43.158+05:30  INFO 13248 --- [internshipmanagement] [           main] .s.d.r.c.RepositoryConfigurationDelegate : Bootstrapping Spring Data JPA repositories in DEFAULT mode.
2026-04-28T11:46:43.345+05:30  INFO 13248 --- [internshipmanagement] [           main] .s.d.r.c.RepositoryConfigurationDelegate : Finished Spring Data repository scanning in 158 ms. Found 4 JPA repository interfaces.
2026-04-28T11:46:45.152+05:30  INFO 13248 --- [internshipmanagement] [           main] o.s.b.w.embedded.tomcat.TomcatWebServer  : Tomcat initialized with port 8082 (http)
2026-04-28T11:46:45.193+05:30  INFO 13248 --- [internshipmanagement] [           main] o.apache.catalina.core.StandardService   : Starting service [Tomcat]
2026-04-28T11:46:45.195+05:30  INFO 13248 --- [internshipmanagement] [           main] o.apache.catalina.core.StandardEngine    : Starting Servlet engine: [Apache Tomcat/10.1.24]
2026-04-28T11:46:45.339+05:30  INFO 13248 --- [internshipmanagement] [           main] o.a.c.c.C.[Tomcat].[localhost].[/]       : Initializing Spring embedded WebApplicationContext
2026-04-28T11:46:45.340+05:30  INFO 13248 --- [internshipmanagement] [           main] w.s.c.ServletWebServerApplicationContext : Root WebApplicationContext: initialization completed in 3992 ms
2026-04-28T11:46:45.676+05:30  INFO 13248 --- [internshipmanagement] [           main] o.hibernate.jpa.internal.util.LogHelper  : HHH000204: Processing PersistenceUnitInfo [name: default]
2026-04-28T11:46:45.807+05:30  INFO 13248 --- [internshipmanagement] [           main] org.hibernate.Version                    : HHH000412: Hibernate ORM core version 6.5.2.Final
2026-04-28T11:46:45.931+05:30  INFO 13248 --- [internshipmanagement] [           main] o.h.c.internal.RegionFactoryInitiator    : HHH000026: Second-level cache disabled
2026-04-28T11:46:46.393+05:30  INFO 13248 --- [internshipmanagement] [           main] o.s.o.j.p.SpringPersistenceUnitInfo      : No LoadTimeWeaver setup: ignoring JPA class transformer
2026-04-28T11:46:46.429+05:30  INFO 13248 --- [internshipmanagement] [           main] com.zaxxer.hikari.HikariDataSource       : HikariPool-1 - Starting...
2026-04-28T11:46:46.654+05:30  INFO 13248 --- [internshipmanagement] [           main] com.zaxxer.hikari.pool.HikariPool        : HikariPool-1 - Added connection com.mysql.cj.jdbc.ConnectionImpl@57c6feea
2026-04-28T11:46:46.659+05:30  INFO 13248 --- [internshipmanagement] [           main] com.zaxxer.hikari.HikariDataSource       : HikariPool-1 - Start completed.
2026-04-28T11:46:47.765+05:30  INFO 13248 --- [internshipmanagement] [           main] o.h.e.t.j.p.i.JtaPlatformInitiator       : HHH000489: No JTA platform available (set 'hibernate.transaction.jta.platform' to enable JTA platform integration)
2026-04-28T11:46:47.876+05:30  INFO 13248 --- [internshipmanagement] [           main] j.LocalContainerEntityManagerFactoryBean : Initialized JPA EntityManagerFactory for persistence unit 'default'
2026-04-28T11:46:48.251+05:30  INFO 13248 --- [internshipmanagement] [           main] eAuthenticationProviderManagerConfigurer : Global AuthenticationManager configured with AuthenticationProvider bean with name authenticationProvider
2026-04-28T11:46:48.252+05:30  WARN 13248 --- [internshipmanagement] [           main] r$InitializeUserDetailsManagerConfigurer : Global AuthenticationManager configured with an AuthenticationProvider bean. UserDetailsService beans will not be used for username/password login. Consider removing the AuthenticationProvider bean. Alternatively, consider using the UserDetailsService in a manually instantiated DaoAuthenticationProvider.
2026-04-28T11:46:48.306+05:30  WARN 13248 --- [internshipmanagement] [           main] JpaBaseConfiguration$JpaWebConfiguration : spring.jpa.open-in-view is enabled by default. Therefore, database queries may be performed during view rendering. Explicitly configure spring.jpa.open-in-view to disable this warning
2026-04-28T11:46:48.559+05:30  INFO 13248 --- [internshipmanagement] [           main] o.s.s.web.DefaultSecurityFilterChain     : Will secure any request with [org.springframework.security.web.session.DisableEncodeUrlFilter@14b9817b, org.springframework.security.web.context.request.async.WebAsyncManagerIntegrationFilter@3052395d, org.springframework.security.web.context.SecurityContextHolderFilter@50eae15a, org.springframework.security.web.header.HeaderWriterFilter@12f12744, org.springframework.web.filter.CorsFilter@a2ca681, org.springframework.security.web.authentication.logout.LogoutFilter@141c66db, org.springframework.security.web.savedrequest.RequestCacheAwareFilter@5b5f61cc, org.springframework.security.web.servletapi.SecurityContextHolderAwareRequestFilter@3ef04239, org.springframework.security.web.authentication.AnonymousAuthenticationFilter@784c74e, org.springframework.security.web.access.ExceptionTranslationFilter@775fec4, org.springframework.security.web.access.intercept.AuthorizationFilter@ae5d544]
2026-04-28T11:46:48.813+05:30  INFO 13248 --- [internshipmanagement] [           main] o.s.b.w.embedded.tomcat.TomcatWebServer  : Tomcat started on port 8082 (http) with context path '/'
2026-04-28T11:46:48.822+05:30  INFO 13248 --- [internshipmanagement] [           main] c.i.i.InternshipmanagementApplication    : Started InternshipmanagementApplication in 8.105 seconds (process running for 8.584)
2026-04-28T11:52:04.744+05:30  INFO 13248 --- [internshipmanagement] [nio-8082-exec-1] o.a.c.c.C.[Tomcat].[localhost].[/]       : Initializing Spring DispatcherServlet 'dispatcherServlet'
2026-04-28T11:52:04.756+05:30  INFO 13248 --- [internshipmanagement] [nio-8082-exec-1] o.s.web.servlet.DispatcherServlet        : Initializing Servlet 'dispatcherServlet'
2026-04-28T11:52:04.807+05:30  INFO 13248 --- [internshipmanagement] [nio-8082-exec-1] o.s.web.servlet.DispatcherServlet        : Completed initialization in 51 ms
Hibernate: select u1_0.id,u1_0.email,u1_0.name,u1_0.password,u1_0.role from users u1_0 where u1_0.email=?
2026-04-28T11:52:05.943+05:30  WARN 13248 --- [internshipmanagement] [nio-8082-exec-1] o.s.s.c.bcrypt.BCryptPasswordEncoder     : Encoded password does not look like BCrypt
Hibernate: select u1_0.id,u1_0.email,u1_0.name,u1_0.password,u1_0.role from users u1_0 where u1_0.email=?
2026-04-28T11:52:31.061+05:30  WARN 13248 --- [internshipmanagement] [nio-8082-exec-2] o.s.s.c.bcrypt.BCryptPasswordEncoder     : Encoded password does not look like BCrypt
